[discord.com/index.html]
[backblue.gif]
[fade.gif]
[index.html]
[cdn.prod.website-files.com/6257adef93867e50d84d30e2/css/discord-2022.c9d9dd4db.min.css]
[ajax.googleapis.com/ajax/libs/webfont/1.6.26/webfont.js]
[cdn.prod.website-files.com/6257adef93867e50d84d30e2/62fddf0fde45a8baedcc7ee5_847541504914fd33810e70a0ea73177e (2)-1.png]
[ajax.googleapis.com/ajax/libs/jquery/3.6.0/jquery.min.js]
[global.localizecdn.com/localize.js]
[discord.com/webflow-scripts/head.js]
[cdn.prod.website-files.com/6257adef93867e50d84d30e2/62cb46f39e6ac4c46ce39566_ru.png]
[cdn.prod.website-files.com/6257adef93867e50d84d30e2/6257c2a1e7544e303083b2b1_bolg.png]
[cdn.prod.website-files.com/6257adef93867e50d84d30e2/62cb46f1254305732a01676d_cs.png]
[cdn.prod.website-files.com/6257adef93867e50d84d30e2/62cb46f16128094022db6768_da.png]
[cdn.prod.website-files.com/6257adef93867e50d84d30e2/62cb46f1c50496ce73c40d99_de.png]
[cdn.prod.website-files.com/6257adef93867e50d84d30e2/62cb46f17c26b5fe5a53876f_el.png]
[cdn.prod.website-files.com/6257adef93867e50d84d30e2/6257bf8b5ba300233705a542_en.png]
[cdn.prod.website-files.com/6257adef93867e50d84d30e2/62cb46f14edab1b0029593fc_es-ES.png]
[cdn.prod.website-files.com/6257adef93867e50d84d30e2/62cb46f1921c0cf82fc59da7_fi.png]
[cdn.prod.website-files.com/6257adef93867e50d84d30e2/62cb46f1544a7ab7c66e9ccb_fr.png]
[cdn.prod.website-files.com/6257adef93867e50d84d30e2/62cb46f13fcb6e76c05b504e_hi.png]
[cdn.prod.website-files.com/6257adef93867e50d84d30e2/62cb46f1aeebe9064763c90c_hr.png]
[cdn.prod.website-files.com/6257adef93867e50d84d30e2/62cb46f19e6ac41dcce39561_hu.png]
[cdn.prod.website-files.com/6257adef93867e50d84d30e2/62cb46f1bd099a25f8f77ea4_it.png]
[cdn.prod.website-files.com/6257adef93867e50d84d30e2/62cb46f1e819841940bec47d_ja.png]
[cdn.prod.website-files.com/6257adef93867e50d84d30e2/62cb46f125430509b9016776_ko.png]
[cdn.prod.website-files.com/6257adef93867e50d84d30e2/62cb46f14edab152b8959405_lt.png]
[cdn.prod.website-files.com/6257adef93867e50d84d30e2/62cb46f3e00ff80959abff2a_nl.png]
[cdn.prod.website-files.com/6257adef93867e50d84d30e2/62cb46f37c26b5e22453877d_no.png]
[cdn.prod.website-files.com/6257adef93867e50d84d30e2/62cb46f3c504963019c40db7_pl.png]
[cdn.prod.website-files.com/6257adef93867e50d84d30e2/62cb46f3d809bc2503e62bec_pt-BR.png]
[cdn.prod.website-files.com/6257adef93867e50d84d30e2/62cb46f36e94d725ce411ab6_ro.png]
[cdn.prod.website-files.com/6257adef93867e50d84d30e2/62cb46f49e6ac47674e39567_sv-SE.png]
[cdn.prod.website-files.com/6257adef93867e50d84d30e2/62cb46f465c529bf26e211a1_th.png]
[cdn.prod.website-files.com/6257adef93867e50d84d30e2/62cb46f4e819848178bec4d1_tr.png]
[cdn.prod.website-files.com/6257adef93867e50d84d30e2/62cb46f37c26b54f6a53877f_uk.png]
[cdn.prod.website-files.com/6257adef93867e50d84d30e2/62cb46f4e819840d89bec4d2_vi.png]
[cdn.prod.website-files.com/6257adef93867e50d84d30e2/62cb46f49e6ac45f35e39568_zh-CN.png]
[cdn.prod.website-files.com/6257adef93867e50d84d30e2/62cb46f33fcb6ea5c95b5069_zh-TW.png]
[discord.com/download.html]
[discord.com/nitro.html]
[discord.com/servers.html]
[discord.com/safety.html]
[discord.com/blog.html]
[discord.com/careers.html]
[discord.com/safety/360043857751-four-steps-to-a-super-safe-account.html]
[discord.com/safety/360043653152-four-steps-to-a-super-safe-server.html]
[discord.com/safety/360044103531-role-of-administrators-and-moderators-on-discord.html]
[discord.com/safety/360044103651-reporting-abusive-behavior-to-discord.html]
[discord.com/safety/360044103771-mental-health-on-discord.html]
[discord.com/safety/360043653552-age-restricted-content-on-discord.html]
[discord.com/safety/360044104071-tips-against-spam-and-hacking.html]
[discord.com/safety/360044149331-what-is-discord.html]
[discord.com/safety/360043700632-discords-commitment-to-a-safe-and-trusted-experience.html]
[discord.com/safety/360044153831-helping-your-teen-stay-safe-on-discord.html]
[discord.com/safety/360044154611-talking-about-online-safety-with-your-teen.html]
[discord.com/safety/360044149591-answering-parents-and-educators-top-questions.html]
[discord.com/safety/360044154771-if-your-teen-encounters-an-issue.html]
[discord.com/safety/360057166133-working-with-caru-to-protect-users-on-discord.html]
[discord.com/safety/360043709612-our-policies.html]
[discord.com/safety/360043712132-how-we-investigate.html]
[discord.com/safety/360044159011-what-actions-we-take.html]
[discord.com/safety/360043712172-how-you-can-appeal-our-actions.html]
[discord.com/safety/360043712232-discords-transparency-report.html]
[discord.com/safety/360044157931-working-with-law-enforcement.html]
[discord.com/safety-library.html]
[discord.com/community-moderation-safety.html]
[discord.com/community/basic-channel-setup.html]
[discord.com/community/moderator-etiquette-for-your-discord-server.html]
[discord.com/community/your-responsibilities-as-a-discord-moderator-discord.html]
[discord.com/community/permissions-on-discord-discord.html]
[discord.com/community/handling-difficult-scenarios-as-an-admin-discord.html]
[discord.com/community/developing-server-rules.html]
[discord.com/community/ban-appeals.html]
[discord.com/community/utilizing-role-colors.html]
[discord.com/community/best-practices-for-reporting-tools.html]
[discord.com/community/server-information-and-announcement-channels.html]
[discord.com/community/channel-categories-and-names.html]
[discord.com/community/moderator-recruitment.html]
[discord.com/safety/creating-moderation-team-channels.html]
[discord.com/safety/fundamentals-of-family-friendly-servers.html]
[discord.com/safety/securing-your-discord-account.html]
[discord.com/moderation/1500000177981-301-implementing-verification-gates]
[discord.com/safety/developing-moderator-guidelines-copy]
[discord.com/safety/facilitating-positive-environments.html]
[discord.com/community/moderating-safely-and-securely-discord.html]
[discord.com/safety/managing-moderation-teams.html]
[discord.com/safety/understanding-and-avoiding-moderator-burnout.html]
[discord.com/safety/internal-conflict-resolution.html]
[discord.com/community/how-to-moderate-voice-channels-discord.html]
[discord.com/safety/training-and-onboarding-new-moderators.html]
[discord.com/safety/auto-moderation-in-discord.html]
[discord.com/safety/using-webhooks-and-embeds.html]
[discord.com/safety/using-xp-systems.html]
[discord.com/safety/using-modmail-bots.html]
[discord.com/community/community-engagement.html]
[discord.com/community/fostering-healthy-communities-discord.html]
[discord.com/community/Planning-Community-Events.html]
[discord.com/community/understanding-community-partnerships.html]
[discord.com/community/Understanding-Your-Community-Through-Insights.html]
[discord.com/safety/best-practices-for-moderating-content-creation.html]
[discord.com/safety/transparency-in-moderation.html]
[discord.com/safety/confidentiality-in-moderation.html]
[discord.com/community/moderating-sensitive-topics-discord.html]
[discord.com/safety/considering-mental-health-in-your-community.html]
[discord.com/safety/practicalities-of-moderating-adult-channels]
[discord.com/community/managing-exponential-membership-growth-in-your-server-discord.html]
[discord.com/community/ethical-community-growth.html]
[discord.com/community/internationalization-of-a-community.html]
[discord.com/community/community-governance-structures.html]
[discord.com/community/using-insights-to-improve-community-growth-engagement.html]
[discord.com/safety/ban-evasion-and-advanced-harassment.html]
[discord.com/safety/managing-interpersonal-relationships.html]
[discord.com/safety/reddit-x-discord.html]
[discord.com/safety/twitch-x-discord.html]
[discord.com/safety/patreon-x-discord.html]
[discord.com/safety/schools-x-discord.html]
[discord.com/community/bringing-other-communities-to-discord.html]
[discord.com/safety/parasocial-relationships.html]
[discord.com/safety/the-application-of-metaphors-in-moderation.html]
[discord.com/index.html]
[cdn.prod.website-files.com/6257adef93867e50d84d30e2/css/discord-2022.c9d9dd4db.min.css]
[discord.com/download.html]
[discord.com/nitro.html]
[discord.com/servers.html]
[discord.com/safety.html]
[discord.com/blog.html]
[discord.com/careers.html]
[discord.com/safety/360043857751-four-steps-to-a-super-safe-account.html]
[discord.com/safety/360043653152-four-steps-to-a-super-safe-server.html]
[discord.com/safety/360044103531-role-of-administrators-and-moderators-on-discord.html]
[discord.com/safety/360044103651-reporting-abusive-behavior-to-discord.html]
[discord.com/safety/360044103771-mental-health-on-discord.html]
[discord.com/safety/360043653552-age-restricted-content-on-discord.html]
[discord.com/safety/360044104071-tips-against-spam-and-hacking.html]
[discord.com/safety/360044149331-what-is-discord.html]
[discord.com/safety/360043700632-discords-commitment-to-a-safe-and-trusted-experience.html]
[discord.com/safety/360044153831-helping-your-teen-stay-safe-on-discord.html]
[discord.com/safety/360044154611-talking-about-online-safety-with-your-teen.html]
[discord.com/safety/360044149591-answering-parents-and-educators-top-questions.html]
[discord.com/safety/360044154771-if-your-teen-encounters-an-issue.html]
[discord.com/safety/360057166133-working-with-caru-to-protect-users-on-discord.html]
[discord.com/safety/360043709612-our-policies.html]
[discord.com/safety/360043712132-how-we-investigate.html]
[discord.com/safety/360044159011-what-actions-we-take.html]
[discord.com/safety/360043712172-how-you-can-appeal-our-actions.html]
[discord.com/safety/360043712232-discords-transparency-report.html]
[discord.com/safety/360044157931-working-with-law-enforcement.html]
[discord.com/safety-library.html]
[discord.com/community-moderation-safety.html]
